// Jest Snapshot v1, https://goo.gl/fbAQLP

exports[`EditorApp EditorApp component 1`] = `"<div class=\\"viewer--viewer-app is-loaded is-unlocked-nav is-open-nav is-enabled-nav is-focus-state-inactive\\"><div class=\\"component obojobo-draft--modules--module\\"></div></div>"`;

exports[`EditorApp EditorApp component renders error messsage 1`] = `"<div class=\\"viewer--viewer-app--visit-error\\"><h1>Error</h1><h2>someType</h2><div>someMessage</div></div>"`;

exports[`EditorApp EditorApp component with no draft 1`] = `"<div class=\\"viewer--viewer-app is-loaded is-unlocked-nav is-open-nav is-enabled-nav is-focus-state-inactive\\"><div class=\\"component obojobo-draft--modules--module\\"></div></div>"`;
